[startup-health] ConnectionError('Connection failed to https://api.statline.dev/v3/health: Server/network error (404): <!DOCTYPE html>\n<html>\n  <iframe src="https://cloudways-static-content.s3.us-east-1.amazonaws.com/error_page/maintenance-domain-mapping.html" frameborder="0" style="overflow:hidden;overflow-x:hidden;overflow-y:hidden;height:100%;width:100%;position:absolute;top:0px;left:0px;right:0px;bottom:0px" height="100%" width="100%"></iframe>\n</html>')
[startup-whoami] ConnectionError('Connection failed to https://api.statline.dev/v3/auth/whoami: Server/network error (404): <!DOCTYPE html>\n<html>\n  <iframe src="https://cloudways-static-content.s3.us-east-1.amazonaws.com/error_page/maintenance-domain-mapping.html" frameborder="0" style="overflow:hidden;overflow-x:hidden;overflow-y:hidden;height:100%;width:100%;position:absolute;top:0px;left:0px;right:0px;bottom:0px" height="100%" width="100%"></iframe>\n</html>')
[startup-health] ConnectionError('Connection failed to https://api.statline.dev/v3/health: Server/network error (404): <!DOCTYPE html>\n<html>\n  <iframe src="https://cloudways-static-content.s3.us-east-1.amazonaws.com/error_page/maintenance-domain-mapping.html" frameborder="0" style="overflow:hidden;overflow-x:hidden;overflow-y:hidden;height:100%;width:100%;position:absolute;top:0px;left:0px;right:0px;bottom:0px" height="100%" width="100%"></iframe>\n</html>')
[startup-whoami] ConnectionError('Connection failed to https://api.statline.dev/v3/auth/whoami: Server/network error (404): <!DOCTYPE html>\n<html>\n  <iframe src="https://cloudways-static-content.s3.us-east-1.amazonaws.com/error_page/maintenance-domain-mapping.html" frameborder="0" style="overflow:hidden;overflow-x:hidden;overflow-y:hidden;height:100%;width:100%;position:absolute;top:0px;left:0px;right:0px;bottom:0px" height="100%" width="100%"></iframe>\n</html>')
[startup-health] ConnectionError('Connection failed to https://api.statline.dev/v3/health: Server/network error (404): <!DOCTYPE html>\n<html>\n  <iframe src="https://cloudways-static-content.s3.us-east-1.amazonaws.com/error_page/maintenance-domain-mapping.html" frameborder="0" style="overflow:hidden;overflow-x:hidden;overflow-y:hidden;height:100%;width:100%;position:absolute;top:0px;left:0px;right:0px;bottom:0px" height="100%" width="100%"></iframe>\n</html>')
[startup-whoami] ConnectionError('Connection failed to https://api.statline.dev/v3/auth/whoami: Server/network error (404): <!DOCTYPE html>\n<html>\n  <iframe src="https://cloudways-static-content.s3.us-east-1.amazonaws.com/error_page/maintenance-domain-mapping.html" frameborder="0" style="overflow:hidden;overflow-x:hidden;overflow-y:hidden;height:100%;width:100%;position:absolute;top:0px;left:0px;right:0px;bottom:0px" height="100%" width="100%"></iframe>\n</html>')
[startup-health] ConnectionError('Connection failed to https://api.statline.dev/v3/health: Server/network error (404): <!DOCTYPE html>\n<html>\n  <iframe src="https://cloudways-static-content.s3.us-east-1.amazonaws.com/error_page/maintenance-domain-mapping.html" frameborder="0" style="overflow:hidden;overflow-x:hidden;overflow-y:hidden;height:100%;width:100%;position:absolute;top:0px;left:0px;right:0px;bottom:0px" height="100%" width="100%"></iframe>\n</html>')
[startup-whoami] ConnectionError('Connection failed to https://api.statline.dev/v3/auth/whoami: Server/network error (404): <!DOCTYPE html>\n<html>\n  <iframe src="https://cloudways-static-content.s3.us-east-1.amazonaws.com/error_page/maintenance-domain-mapping.html" frameborder="0" style="overflow:hidden;overflow-x:hidden;overflow-y:hidden;height:100%;width:100%;position:absolute;top:0px;left:0px;right:0px;bottom:0px" height="100%" width="100%"></iframe>\n</html>')
[startup-health] ConnectionError('Connection failed to https://api.statline.dev/v3/health: Server/network error (404): <!DOCTYPE html>\n<html>\n  <iframe src="https://cloudways-static-content.s3.us-east-1.amazonaws.com/error_page/maintenance-domain-mapping.html" frameborder="0" style="overflow:hidden;overflow-x:hidden;overflow-y:hidden;height:100%;width:100%;position:absolute;top:0px;left:0px;right:0px;bottom:0px" height="100%" width="100%"></iframe>\n</html>')
[startup-whoami] ConnectionError('Connection failed to https://api.statline.dev/v3/auth/whoami: Server/network error (404): <!DOCTYPE html>\n<html>\n  <iframe src="https://cloudways-static-content.s3.us-east-1.amazonaws.com/error_page/maintenance-domain-mapping.html" frameborder="0" style="overflow:hidden;overflow-x:hidden;overflow-y:hidden;height:100%;width:100%;position:absolute;top:0px;left:0px;right:0px;bottom:0px" height="100%" width="100%"></iframe>\n</html>')
[startup-health] ConnectionError('Connection failed to https://api.statline.dev/v3/health: Server/network error (404): <!DOCTYPE html>\n<html>\n  <iframe src="https://cloudways-static-content.s3.us-east-1.amazonaws.com/error_page/maintenance-domain-mapping.html" frameborder="0" style="overflow:hidden;overflow-x:hidden;overflow-y:hidden;height:100%;width:100%;position:absolute;top:0px;left:0px;right:0px;bottom:0px" height="100%" width="100%"></iframe>\n</html>')
[startup-whoami] ConnectionError('Connection failed to https://api.statline.dev/v3/auth/whoami: Server/network error (404): <!DOCTYPE html>\n<html>\n  <iframe src="https://cloudways-static-content.s3.us-east-1.amazonaws.com/error_page/maintenance-domain-mapping.html" frameborder="0" style="overflow:hidden;overflow-x:hidden;overflow-y:hidden;height:100%;width:100%;position:absolute;top:0px;left:0px;right:0px;bottom:0px" height="100%" width="100%"></iframe>\n</html>')
[startup-whoami] PermissionError('Unauthorized (403): Device unenrolled due to inactivity')
[startup-health] ConnectionError('Connection failed to https://api.statline.dev/v3/health: Server/network error (404): <!DOCTYPE html>\n<html>\n  <iframe src="https://cloudways-static-content.s3.us-east-1.amazonaws.com/error_page/maintenance-domain-mapping.html" frameborder="0" style="overflow:hidden;overflow-x:hidden;overflow-y:hidden;height:100%;width:100%;position:absolute;top:0px;left:0px;right:0px;bottom:0px" height="100%" width="100%"></iframe>\n</html>')
[startup-whoami] ConnectionError('Connection failed to https://api.statline.dev/v3/auth/whoami: Server/network error (404): <!DOCTYPE html>\n<html>\n  <iframe src="https://cloudways-static-content.s3.us-east-1.amazonaws.com/error_page/maintenance-domain-mapping.html" frameborder="0" style="overflow:hidden;overflow-x:hidden;overflow-y:hidden;height:100%;width:100%;position:absolute;top:0px;left:0px;right:0px;bottom:0px" height="100%" width="100%"></iframe>\n</html>')
[startup-whoami] PermissionError('Unauthorized (403): Device not active: UNENROLLED')
[startup-whoami] PermissionError('Unauthorized (403): Device not active: UNENROLLED')
[startup-whoami] PermissionError('Unauthorized (403): Device not active: UNENROLLED')
[startup-whoami] PermissionError('Unauthorized (403): Device not active: UNENROLLED')
[startup-whoami] PermissionError('Unauthorized (403): Device not active: UNENROLLED')
[startup-whoami] PermissionError('Unauthorized (403): Device not active: UNENROLLED')
[startup-whoami] PermissionError('Unauthorized (403): Device not active: UNENROLLED')
[startup-whoami] PermissionError('Unauthorized (403): Device not active: UNENROLLED')
[startup-whoami] PermissionError('Unauthorized (403): Device not active: UNENROLLED')
[startup-whoami] PermissionError('Unauthorized (403): Device not active: UNENROLLED')
[startup-whoami] PermissionError('Unauthorized (403): Device not active: UNENROLLED')
[startup-whoami] PermissionError('Unauthorized (403): Device not active: UNENROLLED')
[startup-whoami] PermissionError('Unauthorized (403): Device not active: UNENROLLED')
[startup-whoami] PermissionError('Unauthorized (403): Device not active: UNENROLLED')
[startup-whoami] PermissionError('Unauthorized (403): Device not active: UNENROLLED')
[startup-whoami] PermissionError('Unauthorized (403): Device not active: UNENROLLED')
[startup-whoami] PermissionError('Unauthorized (403): Device not active: UNENROLLED')
[startup-whoami] PermissionError('Unauthorized (403): Device not active: UNENROLLED')
[startup-whoami] PermissionError('Unauthorized (403): Device not active: UNENROLLED')
[startup-whoami] PermissionError('Unauthorized (403): Device not active: UNENROLLED')
[startup-whoami] PermissionError('Unauthorized (403): Device not active: UNENROLLED')
[startup-whoami] PermissionError('Unauthorized (403): Device not active: UNENROLLED')
[startup-whoami] PermissionError('Unauthorized (403): Device not active: UNENROLLED')
[startup-whoami] PermissionError('Unauthorized (403): Device not active: UNENROLLED')
[startup-whoami] PermissionError('Unauthorized (403): Device not active: UNENROLLED')
[startup-whoami] PermissionError('Unauthorized (403): Device not active: UNENROLLED')
[startup-whoami] PermissionError('Unauthorized (403): Device not active: UNENROLLED')
[startup-whoami] PermissionError('Unauthorized (403): Device not active: UNENROLLED')
[startup-whoami] PermissionError('Unauthorized (403): Device not active: UNENROLLED')
[startup-whoami] PermissionError('Unauthorized (403): Device not active: UNENROLLED')
[startup-whoami] PermissionError('Unauthorized (403): Device not active: UNENROLLED')
[startup-whoami] PermissionError('Unauthorized (403): Device not active: UNENROLLED')
[startup-whoami] PermissionError('Unauthorized (403): Device not active: UNENROLLED')
[startup-whoami] PermissionError('Unauthorized (403): Device not active: UNENROLLED')
[startup-whoami] PermissionError('Unauthorized (403): Device not active: UNENROLLED')
[startup-whoami] PermissionError('Unauthorized (403): Device not active: UNENROLLED')
[startup-whoami] PermissionError('Unauthorized (403): Device not active: UNENROLLED')
[startup-whoami] PermissionError('Unauthorized (403): Device not active: UNENROLLED')
[startup-whoami] PermissionError('Unauthorized (403): Device not active: UNENROLLED')
[startup-whoami] PermissionError('Unauthorized (403): Device not active: UNENROLLED')
[startup-whoami] PermissionError('Unauthorized (403): Device not active: UNENROLLED')
[startup-whoami] PermissionError('Unauthorized (403): Device unenrolled due to inactivity')
[startup-whoami] PermissionError('Unauthorized (403): Device not active: UNENROLLED')
[startup-whoami] PermissionError('Unauthorized (403): Device not active: UNENROLLED')
[startup-whoami] PermissionError('Unauthorized (403): Device not active: UNENROLLED')
[startup-whoami] PermissionError('Unauthorized (403): Device not active: UNENROLLED')
[startup-whoami] PermissionError('Unauthorized (403): Device not active: UNENROLLED')
[startup-whoami] PermissionError('Unauthorized (403): Device not active: UNENROLLED')
[score-batch connect] http://127.0.0.1:8000 :: Connection failed to http://127.0.0.1:8000/v3/score/batch: Server/network error (404): {"message": "Unknown adapter: eba_players", "detail": "\"Unknown top-level key(s) in adapter 'demo' (C:\\\\Users\\\\amillo\\\\Documents\\\\Python Projects\\\\StatLine\\\\statline\\\\core\\\\adapters\\\\defs\\\\demo.yaml): aliases, key, title, version\""}
[score-batch connect] http://127.0.0.1:8000 :: Connection failed to http://127.0.0.1:8000/v3/score/batch: Server/network error (404): {"message": "Unknown adapter: eba.players", "detail": "\"Unknown top-level key(s) in adapter 'demo' (C:\\\\Users\\\\amillo\\\\Documents\\\\Python Projects\\\\StatLine\\\\statline\\\\core\\\\adapters\\\\defs\\\\demo.yaml): aliases, key, title, version\""}
